RRSIG		A 5 2 120 20190918174155 20190911143655 8970 comcast.com. U/hvmncinsZjOmXVAM4kxddX7oBvqgGT65jOOgdibuzk6lX04o4732cCr/MY4NaUNEatf+uq+k5u7b4VCVjBNDHH2SWlL0pp5RIbhQAFZlBsz/I8uFn9AWy8Fo0A+RVO2fLep+FevlTPqJ1nG1fUtYJB6djysoUzBlAeXpA4m18=
RRSIG		DNSKEY 5 2 3600 20190918174155 20190911143655 8970 comcast.com. imRNT9ByOmX2PHsTnWncQKKofqZBAHkUE7cscpkOUVDK9I4pquDVBGunmPoS7RaikVVNcrOCaxsuT82N+OHkVdA/5UxsE41qt8XYorzZHDMIQhPkt3i2RMrTZoBpGIWmDZreljYYSX0x8P5CUSh3kUZk+X5nWH+VB0TvA9/cMR0=
RRSIG		DNSKEY 5 2 3600 20200102144155 20190904104155 35356 comcast.com. pNQWYgK2kjvjxymCBCC4G0LZJajXPFDj5j7NRGMI/qqS+xTv8dhsPB6a39Qqv1JNImnDzvsXkwVM2O3ieqE4dKxjfiBULtE33x96U1xpdEQ76gt+09hQa+sRyIHzR9scjB58KQ6Lr15KxqdvPNOk/94AEdMTHH6pMKSPzzHxymW4X5R3S1pGxP5wCmz/cqzpnX6bfS5CklroP/mjCVBQZRNHKu8eO8hvvyew0HlsaceDRYbyW9B0WzYFOqmXZuQtccWpHGfHMPpynGtXUgLmRXfsGNcZJ241pPrSqt4hG6wF26+HGtZYXYUYmaLZcJljke7jk4IMnr5BhJzK72DMYg==
RRSIG		MX 5 2 300 20190918174155 20190911143655 8970 comcast.com. M9/1f1wcc4dlqWZ1kd8NTwwqD9FMk1CMdB2J54Gxtc5SDKHrnBwopoL3p2lBrQkkWmK0MoJFydBmxMc6bJH+jaBxs+8e/p1L/lbv6IjltMQJfYt4TJUN9ZGL94FJUROVAPyaWCXcmrxhjsOanbt12NR30qB/Fa1KqrDsbcbFXw4=
RRSIG		NS 5 2 7200 20190918174155 20190911143655 8970 comcast.com. P370kV1+k5URQ8IqZAvYhWRbuWxAruCynN1yl0teNKFMZcAS/cCi7gKeQdna8tmbRTUMsz8MO/4JnhzrGA2F4lsfKXDpVhPYCfBCtlEURz3qdP0T3PykAProefZa54C7GqCGv5gW1RfuV/jgdp/w3a/nakrA3nyBWO6VEr8WCKI=
RRSIG		NSEC 5 2 3600 20190918174155 20190911143655 8970 comcast.com. 1pafaAYzQR4YuIL3HRzyGjzBWCPvg0dT/YLGHIfQ5qHLjCYc4QAvEvWu1m/H7IVzO5mf096ee9UCOrzsQkams6ZpjQJOZ7ABjSZaVz8Bqx3cExjFJJlVt+NmK0LRNfcB6S+Dxsc8mQaiMH+9UuMfqxvzHzGm9sCNmRL5N/DpIlY=
RRSIG		SOA 5 2 3600 20190918174155 20190911143655 8970 comcast.com. RAS+h9sT6P2ldJPJU+DnVqGO4PEKTuHcGt0q0WkeTjZ7FgPDpb9ha+gjdqxjVQp6Kk30QCtFkp8dh4qrdjEft5nkZdKkf1ZRyRo8+VPwNl1R6v+AZ/W08it6NTw+H3nZXnQVCeVySCHVVZj1PXtPPDplV/2JufXxdIDD5GAEloM=
RRSIG		TXT 5 2 300 20190918174155 20190911143655 8970 comcast.com. rO5TCYeGG2ccZvwH7ZOyoV+muH/FP4gaRhCfRpC3jfCbb1OSTkAcI2mCyVKsb7kY+ZPGlkNqb/1mKdo5lGkLrVmqtcCFlIgChz5kQnVJW3YMkdSn/Y0gacGHQK9Q+jCAcQU2zaKZmfGQFkOrG5OHN9iHwwT+x1U4cnJIIq2LNXw=
SOA		dns101.comcast.net. domregtech.comcastonline.com.
