A		72.14.189.177
MX	1	aspmx.l.google.com.
MX	10	alt3.aspmx.l.google.com.
MX	10	alt4.aspmx.l.google.com.
MX	5	alt1.aspmx.l.google.com.
MX	5	alt2.aspmx.l.google.com.
NS		a.ns.profound.net.
NS		b.ns.profound.net.
NS		c.ns.profound.net.
SOA		c.ns.profound.net. hostmaster.profound.net.
TXT		google-site-verification=jcU8Hc07mpBT6oHJHWzdP4xd6CfvGhDRDo-HN3YAozI
