CAA	0	iodef mailto:ipladmin@shell.com
CAA	0	issue digicert.com
CAA	0	issue entrust.net
CAA	0	issue globalsign.com
CAA	0	issue godaddy.com
CAA	0	issue letsencrypt.org
CAA	0	issue symantec.com
DNSKEY	256 3 8	AwEAAbepYmOCcBhS1X7pn9Puj6Uu7AWNjVGfqXfCy4ECQ0FYdrH1h+qqzkviYo3yFbQj6mu2FDV+n1dC65aycgm0sUYjRRKH0q3wvcv155JdkL/Yba6bqCV/riegHxWjkQ/wkoqiRRM9VVnLZtJuXCwwyHCNgbI0/9JwROMjoa+aZmjt
DNSKEY	256 3 8	AwEAAet4ujxeqmdpyXGoVhUIiTCXPNmbv11CJLKK+KRtraacKydeZQ3wUx3bJ0eLTW94mn0Tvh82JYEP+vAhCMiDcAFdmtgA7XAJ65358PYtkA4+pPedZvI6tNwDoeJU5cBTewtHDwH26BGUVhdteR223Fa+fPUn3y+tj8MOlaksKHgh
DNSKEY	257 3 8	AwEAAbt6juOqOIGNe+KA7dsrRY8YL5V2rJoSx8VU1quEba6l3Lr5OvkzAEuZbVHGOLZUZ8SRzlOlRZlvxlwltAoccvrnuV7y8HkIjnw/DiGRBq0pflR5Ud6sRiulHg755vOSF1zVV4pPaRDFz+gYyaz+ftkn/iUAZ04TkOtQRWpXPg9WHWVhkAHxLe6cpI+PRydsliL49H4zz6n+m50VSfSEQdrTCOpyqp1L8iPx80TCCsyGtSupeCaGeq0rGivSx0vrRYDgLqCPD1DuDxpExOARZRt3xyfoFRaKKZU29X2cHAug9ROy3CcUMZc255p33VPJ8wTpyOjIACifTtLai6VwYWE=
