RRSIG		A 5 2 120 20190725174156 20190718143656 8970 comcast.com. vR3vODYbKtzyl5bc4wcFmYvqK0EuDXQYKJIIaNmxwG3po34ZInIipwQyALusOm7r0eD5rzZAUhMP2nj9Lon2yEzZWuj7X/6/oKVlyovSZwM10U1VbO1N70Ygnemfj3d+veJ5Zs5WMkUXxyJrZpUy1dvaZVJEUMhkLBM0Xtj98LY=
RRSIG		DNSKEY 5 2 3600 20190725174156 20190718143656 8970 comcast.com. Rd8mcd8iZ1zYT8XYEVF2W4ehGh4fJ3iI7kVHF8zUOzpBFdKRSHYQBiVCO4B0P7+GnEjQNcYOH+RbbpvrgIVY4ViBqovgfXL/UOHp7L7VsOwojd3BRwAvddJ0MNlYF4EGuezDoeC1F6xZtlNvjzYMs+dUc1L7e9ZBN79zDvjnKJ4=
RRSIG		DNSKEY 5 2 3600 20191101144156 20190704104156 35356 comcast.com. jcWh6I9Fc5TPTRJkhS8YoFQlesqESKoMfjYXt5UnlHXYOxYBav/Rj9YQYsCKeRZbjItNvgdHEuQ3H4xRs1Tf+LlfBoTrwi9PmK6p/FLfKFW1RiYrBcFzUyfBwrJ43T+5RgohC9eM0+Y5lICJ/GO5eNxWfWHhaw0ZcfHKwpHtW+dNQZRCUoHnWbJMzP+d6w2gjKCEGV7Bqnhp+CHGAftanIC1bnA0PaARf4mBPUv8dRrKu8TXYyHrJC8FRUNOab8EC3B3NTa/4nbylSYMWwH/tV9w49LjSY8CVJDFHptpUtaXyUAsVyrnyhYaujzWeczEm1me2SJZbZ6ZuLPjUGcKWw==
RRSIG		MX 5 2 300 20190725174156 20190718143656 8970 comcast.com. rnhop7fw4LOhR487HZvokRoAwDXA1yY7lsqcP0HwpuN6KYvHHM9eg+NX2NfPPG1eSXiXcHerW+gvUZbziXPT2ELuQWOkklIaW2HJo6JhT4SWlg0uFEItOrZUNfRfMRGCRZMDNubCO+Q2mJavC3bcHnWzKPT9fRAZ84qa0BGzUgY=
RRSIG		NS 5 2 7200 20190725174156 20190718143656 8970 comcast.com. wETfN4bsW6nMG0DU74GfAk8i902aUxEAQ4bVHYxzy53jsc688/LjhRhA8vuir6Yb5EQtM2I5BaHVadz35w/49yLxzoReqydT4QgO0uRyo5sOSK6u+DDizuG2cNB8p/KytT8+DczB+DOQJIWsOLsyWZ7YcUdI4wH0rsTNfHcbHTc=
RRSIG		NSEC 5 2 3600 20190725174156 20190718143656 8970 comcast.com. VLamyNEUgrHULc1alcv15LMZg0yasJoweZLRu3vd1UTZDYy/fYNIaN4c0/DkO1/VuvKLa1/ThD265PMOBHznIo3nc4kefrC3NbV6YAdoou0j/RCCXZJxQQBqnNXyXnHFV4DrRyRX7VZHDyTKTF/uOacN4MTBreFD1dP6U8ZlNeE=
RRSIG		SOA 5 2 3600 20190725174156 20190718143656 8970 comcast.com. HDV1cGy3C1Sn2yJ+tIR2bbU0mujF0Avs0hEy0Q9nT274GuTTGAz5HQBWGJcnCMKZJiH65KKDLDFsebcpVvqUE4tY5dsYfBy/zVchF8gBwfi6DFvHbAasbFo2wNOadMO5TLyK4jCM1bBmAxoQ+lWraO6aSvofBpLXPkPTTc6KLW0=
RRSIG		TXT 5 2 300 20190725174156 20190718143656 8970 comcast.com. iGZciRWuZgHkTQYP68ADr0PQBrceNzUOihmdbP92kuhu0V5J3JjT9wVaSNma3pEUgDwUB6Gbmmlmb/tJLIvCJennoG6kluCcw6NZ4PlM1ybjq0xLRlAFQJNS4h5nCoK2bD1M5J73Os8NRvnHoh539ssnkfKL8VFNvfhgwU1hE5w=
SOA		dns101.comcast.net. domregtech.comcastonline.com.
