CAA	0	iodef mailto:ipladmin@shell.com
CAA	0	issue digicert.com
CAA	0	issue entrust.net
CAA	0	issue globalsign.com
CAA	0	issue godaddy.com
CAA	0	issue letsencrypt.org
CAA	0	issue symantec.com
DNSKEY	256 3 8	AwEAAapKfuCRaH4ciQYOU5cu0ERPO0SpBhU5e7hI8X7slHSFpPXEww9ndXnQKEl6PPvKxdPSz/cKk1mghVLEai4rIRG8fig+w/M6OceFSY7X9f4vDuUti23N9DqZCv4EVTLflEClGmJwXaQ/usXA+POS31KmoP2R0O5PH9xq5PRfqz25
DNSKEY	256 3 8	AwEAAeFeZTJ9Jvl6PoN/Qt79Y9GyiYDcRYCiTLoe3XjvT+IaCdhaGjkWIjP9PNYnGF0a8o4qL/ATbK7QcoBGEIzzmp5foJMPdcBlo3YzJe9Hb7mtxg5+BSTMSmQqgDiNp82spGcYVyEgvz6yp0SMPBnZj0Ie6T+C3XluiaRp6yE1Iwjn
DNSKEY	256 3 8	AwEAAet4ujxeqmdpyXGoVhUIiTCXPNmbv11CJLKK+KRtraacKydeZQ3wUx3bJ0eLTW94mn0Tvh82JYEP+vAhCMiDcAFdmtgA7XAJ65358PYtkA4+pPedZvI6tNwDoeJU5cBTewtHDwH26BGUVhdteR223Fa+fPUn3y+tj8MOlaksKHgh
DNSKEY	257 3 8	AwEAAbt6juOqOIGNe+KA7dsrRY8YL5V2rJoSx8VU1quEba6l3Lr5OvkzAEuZbVHGOLZUZ8SRzlOlRZlvxlwltAoccvrnuV7y8HkIjnw/DiGRBq0pflR5Ud6sRiulHg755vOSF1zVV4pPaRDFz+gYyaz+ftkn/iUAZ04TkOtQRWpXPg9WHWVhkAHxLe6cpI+PRydsliL49H4zz6n+m50VSfSEQdrTCOpyqp1L8iPx80TCCsyGtSupeCaGeq0rGivSx0vrRYDgLqCPD1DuDxpExOARZRt3xyfoFRaKKZU29X2cHAug9ROy3CcUMZc255p33VPJ8wTpyOjIACifTtLai6VwYWE=
