RRSIG		A 5 2 120 20200411174154 20200404143654 8970 comcast.com. K5RMXj2SG/NsHhRoFm4mxkG4jaIEBUNc+PAbrSqObYA63HeCWRY0tYeMc78Sis5tzObhRXF65y81mf1kqFYTlGapQDYGvxrrskJzOkaEMSiQ79fAMxSPR9plEEqSV6CpUYUocUvFpEpmp4FeWb7WGf4A3XNcICRIbD7KrKsHqlE=
RRSIG		DNSKEY 5 2 3600 20200411174154 20200404143654 8970 comcast.com. nRt8zlm/GMVcRSZfWN3U08LLpgLUSZr94QpzCz7xR99qJobofh3bLEzRw9EhVqNq3h4pw+GWmZgnEdjy1YC2y8IaoyFs+dJfqtfkEu2sXMKkLoYpgpA2q5N9qyCHt3Iig91PGRVp4twNNf3ReUkFeh6y7O9EZcOljOx4qY81CzY=
RRSIG		DNSKEY 5 2 3600 20200802144154 20200404104154 35356 comcast.com. eN5mBMBnYcObIZAEqYaf6zlma4ujyRWxmT5QJQaLhqI+cBn6MYq0kTREce8QABuKKeDQPGYTb5dDiNUWhhWhwz8+8MlEBoSb/IYgXVbuEUs5qnFYA3gE76hk30KXvT95z2RRbwxP93qso7WlT3T1TNciDJ1JB29iIZIDz7EVyiow3DqYLHheUo8EtbDIuLFPyI8xSAlapvioLKiWg6SVqP0IJ60bBaQA0PJdcgy3grqEmXcBsRr1rg6181KmHITCKzQyFeOo/kVYwHs0ZfQZ7jAuSuKyemOhluKpwZ6CQQBqxkX49GyCII6MYVgAeU+76xxzofiEieeag6NuFzKRNQ==
RRSIG		MX 5 2 300 20200411174154 20200404143654 8970 comcast.com. Dvv2i6qYRKZtO1kpmle4uL/609s7B56MRXNojcd/DeQYha6/RuUkHUZBO5qwGRZP/pkQAw2tXMRVYijRqfN6m3A6G6R9XPjGKupZlzKZBrX/ScwJloIsYXl+RMcPkGIpGyWCK5E2pszb0E4Lxtimm6LXXyJRK+HoODB3GSgn5n8=
RRSIG		NS 5 2 7200 20200411174154 20200404143654 8970 comcast.com. K/RyyZKEik0N722oMxaVIwVLJCe/BB9XkVutEbITnCBUy0c0EjwS4WdI/oeaLGdWQVQqOvo8iE+1RCGREddz39Np2ehvf6LWFO1M2J1hBaqY5vGR64yGD9PagmxRb3Q+Lmz01ZN2N9Qe6FAukmajayoGfCZh7aCEKYIZt3h8jrc=
RRSIG		NSEC 5 2 3600 20200411174154 20200404143654 8970 comcast.com. ybHpeFZgScD1N6518anKrfUmWL393Lv1al3/AKcWLPCwixnuOvzodc/Gy0GOioLCrkPLPbfNaYECo9ap3vibgzrjIlv6axQJtLW795GAEDnbxayexb03dfqnh9AhuOOttqnwVxVcW3jFZYSwdnE9YZU+RGZPmz1fw64RhueiSic=
RRSIG		SOA 5 2 3600 20200411174154 20200404143654 8970 comcast.com. Mf8qrfFedsEVNtoEpIdEyUKKlxeoekFUdQFyFAzQuHEd5/Zh3JorQrtM9kkCWbjS1f0h5xkxa8Lq21mnB4BOEvP8aGo+LFig80VoyM/GuPEhV3Y0n6qMztopuXQafkGBnvzA4WTK6Q4eMSXv05XG2rGpGgJDmV5+LKH04jGj0ZQ=
RRSIG		TXT 5 2 300 20200411174154 20200404143654 8970 comcast.com. HESjFwE/Zys8wWMDRqMb0UCoeYfBllU7oEJM9tMcGGMUdFtGnmhaLouJiASNoG9mfnnXevP/52fZ7XjVl+q9+aJWRPZoomT0+yx2qMzmMZQJeiOBIPOROb/06FdyYHsqF0znvBbt7pGeJdh/+OEUJzrDi5GmQHjfFSquxOajakY=
SOA		dns101.comcast.net. domregtech.comcastonline.com.
