CAA	0	iodef mailto:ipladmin@shell.com
CAA	0	issue amazon.com
CAA	0	issue entrust.net
CAA	0	issue globalsign.com
CAA	0	issue godaddy.com
CAA	0	issue letsencrypt.org
CAA	0	issue symantec.com
CAA	0	issue www.digicert.com
CAA	0	issuemail digicert.com
DNSKEY	256 3 8	AwEAAaGsgVVVVWT/q9qkqueU7GsxQa9Tk4teQPGYw64nlvmRK9f3ISt56s68mlRr527l2o4229sBWSc1c9yr+x92bONNrgz3euT1uIx1O1GLPFfQCoKJtJdD+270kGqHIFBOI9m1LA7KMRYVImdbeXeGkSkNmr3yaUKkKOk22F6qRNoF
DNSKEY	256 3 8	AwEAAbH3HvE1wOqgUvr1/CSPREr0bZGhjLUvQesxDQYxsMujq9HOfwA9EhKGEXFsoW1P0X5v+5+EJFm8Cdd+QdT8BPg+okMBJMzNEJfj5dMpVmGlja2nLryVK+W/rI7oqLXHIn7xznCBrm46cZk0g5dLhnqZj9qI1Xjz7D4nz45GuP01
DNSKEY	256 3 8	AwEAAbM1RQRItKrwzDZzUw5fbyicrgfoRrMITSYrEGprK9j0RObgynRGz3yZRp1uAnW6YYrB3746iLLU+dkHEzRXa8TdEvUhs5/8TdWThbKxqT+JC60OQMKj0adKNuLPu93Xb9PfPrDFO3STCOjQ1ewMcrBFggSg8vAPZs+Wgk7+TDR7
DNSKEY	257 3 8	AwEAAbh/Yrjm2Xkq9z7R36qQckvb/9rqAV60VSQPCjcBdr/G3sKUZ8GQjI8TKewcHB5TaCcE17ZrdKVoc9LHNgf5W+M5xGDKIDJUwq5bGUEgLPH6nqqLjo5o5wlw6FSF5MQvlwE9I4HxTOVUnyUoUEEnhiQJKL4neSdJcSKeFTIRIlaIkMh4xj+WUV1QIP6/Xr1/e47TFiUmnVvX0BxSHWPiKmZ+iVVwfYdUqnC4BYxA7IY++erZbfNtneTOV7HHGpHn14GoJRURyXoGaZJ76gZym6xR2IX71PklBNty4E91MZstUyt9LDfamwLkOQjT9E7m00o0g5GNFtfpsJjRn/m5FI8=
DNSKEY	257 3 8	AwEAAeZ+LfPEjVVtNdAAKczionNCCoQrXp9bbb+XA2mOt2qzWUm6n24KYqEnn21n9zQlZZ22ET0k53ESXaxsJkPIYWGLGUEYL7mT6jVQ7kfBfYxeobkVNWy4cGTXl7Eijfs4TnWe//CpCNeCu0O1/OIBSlEOjvx/VN8d5OVnDwLlmyT28XZYlXoIFRQ8l7y5R2OHkh0PLt9wMIYyNWhFlFPd02aOmdMwh3h4J+ZcqUi3o4PDbBSAgv93Dq8ehTE0RwF/8b4DWH+gW4qom10wumVxMoSobEf38Xr6EcP//EPpdatLqnrT+fbn+U786c/sj+RmhCueX/vM2/e0XUAW0sedOHU=
