CAA	0	iodef mailto:ipladmin@shell.com
CAA	0	issue amazon.com
CAA	0	issue digicert.com
CAA	0	issue entrust.net
CAA	0	issue globalsign.com
CAA	0	issue godaddy.com
CAA	0	issue letsencrypt.org
CAA	0	issue symantec.com
DNSKEY	256 3 8	AwEAAcO0bulTlJQAUvXYqSSqIIcUeawiXKhXURXC2OH8ySda8AEMv8uLkvLRMPl6vRPonJh1fDorfMHFHe7eNFT3uALlyloZrM6XAIb695FGzwpxESzktrwpkW7VgAoKRrEQvfAw4hD/0QUhZwr35DJyEsODj4JPGwEmuRYE8wZZjBlT
DNSKEY	256 3 8	AwEAAfLC79bRLffIO44Ac19MPnaqkI2mWg12k3KPyOst/dgT+1+i23DcsDUMueziwpahbtAHuP+IiFoawFdwl0qmT0R+rvHEOsa14DFQJGaVLRUf93klZ/XCIuGhccZhcRb5O8wJj38EFXskZYcxYRdFtv5AxPlqKByRbggo95UWgmIz
DNSKEY	257 3 8	AwEAAbt6juOqOIGNe+KA7dsrRY8YL5V2rJoSx8VU1quEba6l3Lr5OvkzAEuZbVHGOLZUZ8SRzlOlRZlvxlwltAoccvrnuV7y8HkIjnw/DiGRBq0pflR5Ud6sRiulHg755vOSF1zVV4pPaRDFz+gYyaz+ftkn/iUAZ04TkOtQRWpXPg9WHWVhkAHxLe6cpI+PRydsliL49H4zz6n+m50VSfSEQdrTCOpyqp1L8iPx80TCCsyGtSupeCaGeq0rGivSx0vrRYDgLqCPD1DuDxpExOARZRt3xyfoFRaKKZU29X2cHAug9ROy3CcUMZc255p33VPJ8wTpyOjIACifTtLai6VwYWE=
DNSKEY	257 3 8	AwEAAds4dYznr+DX0ytgD/ia6V8AVh5cCDuKiAo+KnwECHIojy8JtyQwnkfB02zG8dVyf3sXuoyETs7ZBftx2wa/xk+uY1HyngvoIV4luZtNcDnKFfAWuQOSex3zQ40yW1dgtXP7tG2Iign0RPIWIHnW6ikZ9eWS8IFlbpyYaORB+xAFDFVtQAaT61wj77+VB3N62hyonPEQuZ66EfWlLYiwpzKOwTQUvI0ycfh4gcjlMJfXEE8v/2IguhLlJiRn6j8v4NrNGpP8XHmenCXWioXjkQxuou5vmn+U+UuRQMs+9/JjAN5JbQYcsElGb6sIkd5CwJSmBdFS5jMM4xc4yyHZI5E=
